// Jest Snapshot v1, https://goo.gl/fbAQLP

exports[`should render ExpenseListItem correctly 1`] = `
<div>
  <h3>
    <Link
      to="/edit/2"
    >
      Rent
    </Link>
  </h3>
  <p>
    $1,095.00
    -
    December 28th, 1969
  </p>
</div>
`;
